// Jest Snapshot v1, https://goo.gl/fbAQLP

exports[`CreateConnectionForm should render 1`] = `
<body>
  <div>
    <div
      class="<removed-for-snapshot-test>"
    >
      <form
        class="<removed-for-snapshot-test>"
      >
        <fieldset
          class="<removed-for-snapshot-test>"
        >
          <div
            class="<removed-for-snapshot-test>"
          >
            <div
              class="<removed-for-snapshot-test>"
            >
              <div
                class="<removed-for-snapshot-test>"
              >
                <div
                  class="<removed-for-snapshot-test>"
                >
                  <div
                    class="<removed-for-snapshot-test>"
                  >
                    <div
                      class="<removed-for-snapshot-test>"
                    >
                      <h5
                        class="<removed-for-snapshot-test>"
                      >
                        Select sync mode
                      </h5>
                    </div>
                    <p
                      class="<removed-for-snapshot-test>"
                      data-type="text"
                    >
                      Tell us how you want your data moved and we'll select the right sync mode for your streams.
                    </p>
                  </div>
                  <div
                    class="<removed-for-snapshot-test>"
                  >
                    <div
                      class="<removed-for-snapshot-test>"
                    >
                      <div
                        class="<removed-for-snapshot-test>"
                      >
                        <div
                          class="<removed-for-snapshot-test>"
                        >
                          <div
                            class="<removed-for-snapshot-test>"
                          >
                            <label
                              class="<removed-for-snapshot-test>"
                            >
                              <div
                                class="<removed-for-snapshot-test>"
                              >
                                <div
                                  class="<removed-for-snapshot-test>"
                                >
                                  <div
                                    class="<removed-for-snapshot-test>"
                                  >
                                    <div
                                      class="<removed-for-snapshot-test>"
                                      data-type="text"
                                    >
                                      How do you want data to be delivered to the destination?
                                    </div>
                                  </div>
                                </div>
                                <div
                                  class="<removed-for-snapshot-test>"
                                />
                              </div>
                            </label>
                          </div>
                        </div>
                        <div
                          class="<removed-for-snapshot-test>"
                        >
                          <div
                            class="<removed-for-snapshot-test>"
                          >
                            <input
                              checked=""
                              class="<removed-for-snapshot-test>"
                              data-testid="radio-button-tile-delivery-replicateSource"
                              id="delivery-replicateSource"
                              name="delivery"
                              type="radio"
                              value="replicateSource"
                            />
                            <label
                              class="<removed-for-snapshot-test>"
                              for="delivery-replicateSource"
                            >
                              <div
                                class="<removed-for-snapshot-test>"
                              >
                                <svg
                                  height="16"
                                  role="img"
                                  width="16"
                                  xmlns="http://www.w3.org/2000/svg"
                                >
                                  <path
                                    d="M8 0a8 8 0 1 1 0 16A8 8 0 0 1 8 0Zm0 4a4 4 0 1 1 0 8 4 4 0 0 1 0-8Z"
                                    fill="#615EFF"
                                    fill-rule="evenodd"
                                  />
                                </svg>
                              </div>
                              <div>
                                <div
                                  class="<removed-for-snapshot-test>"
                                >
                                  <p
                                    class="<removed-for-snapshot-test>"
                                    data-type="text"
                                  >
                                    Replicate Source 
                                    <span
                                      class="<removed-for-snapshot-test>"
                                    >
                                      Recommended
                                    </span>
                                  </p>
                                </div>
                                <p
                                  class="<removed-for-snapshot-test>"
                                  data-type="text"
                                >
                                  Maintain an up-to-date copy of your source data in the destination.
                                </p>
                              </div>
                            </label>
                          </div>
                          <div
                            class="<removed-for-snapshot-test>"
                          >
                            <input
                              class="<removed-for-snapshot-test>"
                              data-testid="radio-button-tile-delivery-appendChanges"
                              id="delivery-appendChanges"
                              name="delivery"
                              type="radio"
                              value="appendChanges"
                            />
                            <label
                              class="<removed-for-snapshot-test>"
                              for="delivery-appendChanges"
                            >
                              <div
                                class="<removed-for-snapshot-test>"
                              >
                                <svg
                                  height="16"
                                  role="img"
                                  width="16"
                                  xmlns="http://www.w3.org/2000/svg"
                                >
                                  <g
                                    fill="#E8E8ED"
                                  >
                                    <path
                                      d="M12 8a4 4 0 1 0-8 0 4 4 0 0 0 8 0Z"
                                    />
                                    <path
                                      d="M8 2.222a5.778 5.778 0 1 0 0 11.556A5.778 5.778 0 0 0 8 2.222ZM0 8a8 8 0 1 1 16 0A8 8 0 0 1 0 8Z"
                                      fill-rule="evenodd"
                                    />
                                  </g>
                                </svg>
                              </div>
                              <div>
                                <div
                                  class="<removed-for-snapshot-test>"
                                >
                                  <p
                                    class="<removed-for-snapshot-test>"
                                    data-type="text"
                                  >
                                    Append Historical Changes
                                  </p>
                                </div>
                                <p
                                  class="<removed-for-snapshot-test>"
                                  data-type="text"
                                >
                                  Track changes to your data over time. Changes are appended to the destination.
                                </p>
                              </div>
                            </label>
                          </div>
                        </div>
                      </div>
                      <div
                        class="<removed-for-snapshot-test>"
                      >
                        <div
                          class="<removed-for-snapshot-test>"
                        >
                          <div
                            class="<removed-for-snapshot-test>"
                          >
                            <div
                              class="<removed-for-snapshot-test>"
                            >
                              <div
                                class="<removed-for-snapshot-test>"
                              >
                                <label
                                  class="<removed-for-snapshot-test>"
                                >
                                  <div
                                    class="<removed-for-snapshot-test>"
                                  >
                                    <div
                                      class="<removed-for-snapshot-test>"
                                    >
                                      <div
                                        class="<removed-for-snapshot-test>"
                                      >
                                        <p
                                          class="<removed-for-snapshot-test>"
                                          data-type="text"
                                        >
                                          Do you want all your source data copied every sync?
                                        </p>
                                      </div>
                                    </div>
                                    <div
                                      class="<removed-for-snapshot-test>"
                                    />
                                  </div>
                                </label>
                              </div>
                            </div>
                            <div
                              class="<removed-for-snapshot-test>"
                            >
                              <div
                                class="<removed-for-snapshot-test>"
                              >
                                <input
                                  class="<removed-for-snapshot-test>"
                                  data-testid="radio-button-tile-delectedRecords-incremental"
                                  id="delectedRecords-incremental"
                                  name="delectedRecords"
                                  type="radio"
                                  value="incremental"
                                />
                                <label
                                  class="<removed-for-snapshot-test>"
                                  for="delectedRecords-incremental"
                                >
                                  <div
                                    class="<removed-for-snapshot-test>"
                                  >
                                    <svg
                                      height="16"
                                      role="img"
                                      width="16"
                                      xmlns="http://www.w3.org/2000/svg"
                                    >
                                      <g
                                        fill="#E8E8ED"
                                      >
                                        <path
                                          d="M12 8a4 4 0 1 0-8 0 4 4 0 0 0 8 0Z"
                                        />
                                        <path
                                          d="M8 2.222a5.778 5.778 0 1 0 0 11.556A5.778 5.778 0 0 0 8 2.222ZM0 8a8 8 0 1 1 16 0A8 8 0 0 1 0 8Z"
                                          fill-rule="evenodd"
                                        />
                                      </g>
                                    </svg>
                                  </div>
                                  <div>
                                    <div
                                      class="<removed-for-snapshot-test>"
                                    >
                                      <p
                                        class="<removed-for-snapshot-test>"
                                        data-type="text"
                                      >
                                        Append New Rows and Updates Only
                                      </p>
                                    </div>
                                    <p
                                      class="<removed-for-snapshot-test>"
                                      data-type="text"
                                    >
                                      Add a new entry each time a record is created or modified.
                                    </p>
                                  </div>
                                </label>
                              </div>
                              <div
                                class="<removed-for-snapshot-test>"
                              >
                                <input
                                  checked=""
                                  class="<removed-for-snapshot-test>"
                                  data-testid="radio-button-tile-delectedRecords-full_refresh"
                                  id="delectedRecords-full_refresh"
                                  name="delectedRecords"
                                  type="radio"
                                  value="full_refresh"
                                />
                                <label
                                  class="<removed-for-snapshot-test>"
                                  for="delectedRecords-full_refresh"
                                >
                                  <div
                                    class="<removed-for-snapshot-test>"
                                  >
                                    <svg
                                      height="16"
                                      role="img"
                                      width="16"
                                      xmlns="http://www.w3.org/2000/svg"
                                    >
                                      <path
                                        d="M8 0a8 8 0 1 1 0 16A8 8 0 0 1 8 0Zm0 4a4 4 0 1 1 0 8 4 4 0 0 1 0-8Z"
                                        fill="#615EFF"
                                        fill-rule="evenodd"
                                      />
                                    </svg>
                                  </div>
                                  <div>
                                    <div
                                      class="<removed-for-snapshot-test>"
                                    >
                                      <p
                                        class="<removed-for-snapshot-test>"
                                        data-type="text"
                                      >
                                        Append Full Snapshots
                                      </p>
                                    </div>
                                    <p
                                      class="<removed-for-snapshot-test>"
                                      data-type="text"
                                    >
                                      Append a full copy of your source data every sync.
                                    </p>
                                    <div
                                      class="<removed-for-snapshot-test>"
                                    >
                                      <p
                                        class="<removed-for-snapshot-test>"
                                        data-type="text"
                                      >
                                        <div
                                          class="<removed-for-snapshot-test>"
                                        >
                                          <div
                                            class="<removed-for-snapshot-test>"
                                            data-icon="warning-outline"
                                            data-testid="mocksvg"
                                          />
                                          This option potentially increases costs and sync times
                                        </div>
                                      </p>
                                    </div>
                                  </div>
                                </label>
                              </div>
                            </div>
                          </div>
                        </div>
                      </div>
                    </div>
                  </div>
                </div>
                <div
                  class="<removed-for-snapshot-test>"
                >
                  <div
                    class="<removed-for-snapshot-test>"
                  >
                    <div
                      class="<removed-for-snapshot-test>"
                    >
                      <h5
                        class="<removed-for-snapshot-test>"
                      >
                        Schema
                      </h5>
                    </div>
                  </div>
                  <div
                    class="<removed-for-snapshot-test>"
                  >
                    <div
                      class="<removed-for-snapshot-test>"
                    >
                      <div
                        class="<removed-for-snapshot-test>"
                      >
                        <div
                          class="<removed-for-snapshot-test>"
                        >
                          <div
                            class="<removed-for-snapshot-test>"
                          >
                            <label
                              class="<removed-for-snapshot-test>"
                            >
                              <div
                                class="<removed-for-snapshot-test>"
                              >
                                <div
                                  class="<removed-for-snapshot-test>"
                                  data-icon="lens"
                                  data-testid="mocksvg"
                                />
                              </div>
                              <div
                                class="<removed-for-snapshot-test>"
                                data-testid="input-container"
                              >
                                <input
                                  class="<removed-for-snapshot-test>"
                                  data-testid="sync-catalog-search"
                                  placeholder="Search stream or field name"
                                  type="search"
                                  value=""
                                />
                              </div>
                            </label>
                            <button
                              aria-expanded="false"
                              aria-haspopup="listbox"
                              class="<removed-for-snapshot-test>"
                              data-headlessui-state=""
                              data-testid="sync-catalog-filter-depth-listbox-button"
                              id="headlessui-listbox-button-:r2:"
                              type="button"
                            >
                              <span
                                class="<removed-for-snapshot-test>"
                                data-type="text"
                              >
                                <span
                                  class="<removed-for-snapshot-test>"
                                >
                                  Streams and fields
                                </span>
                              </span>
                              <div
                                class="<removed-for-snapshot-test>"
                                data-icon="chevron-down"
                                data-testid="mocksvg"
                              />
                            </button>
                            <div
                              style="position: absolute; z-index: 9999; top: 0px; left: 0px; transform: translate(5px,5px);"
                            />
                          </div>
                          <div
                            class="<removed-for-snapshot-test>"
                          >
                            <div
                              class="<removed-for-snapshot-test>"
                            >
                              <span
                                class="<removed-for-snapshot-test>"
                              >
                                <button
                                  class="<removed-for-snapshot-test>"
                                  data-testid="refresh-schema-btn"
                                  type="button"
                                >
                                  <div
                                    class="<removed-for-snapshot-test>"
                                    data-icon="rotate"
                                    data-testid="mocksvg"
                                  />
                                  <span
                                    class="<removed-for-snapshot-test>"
                                  />
                                </button>
                              </span>
                              <span
                                class="<removed-for-snapshot-test>"
                              >
                                <button
                                  class="<removed-for-snapshot-test>"
                                  data-testid="expand-collapse-all-streams-btn"
                                  type="button"
                                >
                                  <div
                                    class="<removed-for-snapshot-test>"
                                    data-icon="expand-all"
                                    data-testid="mocksvg"
                                  />
                                  <span
                                    class="<removed-for-snapshot-test>"
                                  />
                                </button>
                              </span>
                            </div>
                          </div>
                        </div>
                      </div>
                      <div
                        class="<removed-for-snapshot-test>"
                      >
                        <div
                          class="<removed-for-snapshot-test>"
                        >
                          <button
                            class="<removed-for-snapshot-test>"
                            data-id="all-step"
                            type="button"
                          >
                            <p
                              class="<removed-for-snapshot-test>"
                              data-type="text"
                            >
                              All
                            </p>
                          </button>
                          <button
                            class="<removed-for-snapshot-test>"
                            data-id="enabledstreams-step"
                            type="button"
                          >
                            <p
                              class="<removed-for-snapshot-test>"
                              data-type="text"
                            >
                              Enabled streams
                            </p>
                          </button>
                          <button
                            class="<removed-for-snapshot-test>"
                            data-id="disabledstreams-step"
                            type="button"
                          >
                            <p
                              class="<removed-for-snapshot-test>"
                              data-type="text"
                            >
                              Disabled streams
                            </p>
                          </button>
                        </div>
                      </div>
                      <div
                        data-virtuoso-scroller="true"
                        style="position: relative; min-height: 120px; height: 160px;"
                      >
                        <div
                          data-viewport-type="window"
                          style="width: 100%; height: 100%; position: absolute; top: 0px;"
                        >
                          <table
                            class="<removed-for-snapshot-test>"
                            context="[object Object]"
                            data-testid="sync-catalog-table"
                            style="border-spacing: 0;"
                          >
                            <thead
                              class="<removed-for-snapshot-test>"
                              context="[object Object]"
                            >
                              <tr
                                class="<removed-for-snapshot-test>"
                              >
                                <th
                                  class="<removed-for-snapshot-test>"
                                  colspan="1"
                                >
                                  <div
                                    class="<removed-for-snapshot-test>"
                                  >
                                    <label
                                      class="<removed-for-snapshot-test>"
                                    >
                                      <input
                                        aria-checked="mixed"
                                        data-testid="sync-namespace-checkbox"
                                        type="checkbox"
                                      />
                                      <div
                                        aria-hidden="true"
                                        class="<removed-for-snapshot-test>"
                                      />
                                      <div
                                        class="<removed-for-snapshot-test>"
                                        data-icon="minus"
                                        data-testid="mocksvg"
                                      />
                                    </label>
                                    <div
                                      class="<removed-for-snapshot-test>"
                                    >
                                      <p
                                        class="<removed-for-snapshot-test>"
                                        data-type="text"
                                      >
                                        3 streams
                                      </p>
                                      <button
                                        class="<removed-for-snapshot-test>"
                                        data-testid="destination-namespace-modal-btn"
                                        type="button"
                                      >
                                        <span
                                          class="<removed-for-snapshot-test>"
                                        >
                                          <div
                                            class="<removed-for-snapshot-test>"
                                            data-icon="gear"
                                            data-testid="mocksvg"
                                          />
                                        </span>
                                      </button>
                                    </div>
                                  </div>
                                </th>
                                <th
                                  class="<removed-for-snapshot-test>"
                                  colspan="1"
                                >
                                  <div
                                    class="<removed-for-snapshot-test>"
                                  >
                                    <p
                                      class="<removed-for-snapshot-test>"
                                      data-type="text"
                                    >
                                      Sync mode
                                    </p>
                                    <span
                                      class="<removed-for-snapshot-test>"
                                    >
                                      <span
                                        class="<removed-for-snapshot-test>"
                                      >
                                        <span
                                          class="<removed-for-snapshot-test>"
                                        >
                                          <div
                                            class="<removed-for-snapshot-test>"
                                            data-icon="info-outline"
                                            data-testid="mocksvg"
                                          />
                                        </span>
                                      </span>
                                    </span>
                                  </div>
                                </th>
                                <th
                                  class="<removed-for-snapshot-test>"
                                  colspan="1"
                                />
                                <th
                                  class="<removed-for-snapshot-test>"
                                  colspan="1"
                                />
                                <th
                                  class="<removed-for-snapshot-test>"
                                  colspan="1"
                                >
                                  <p
                                    class="<removed-for-snapshot-test>"
                                    data-type="text"
                                  >
                                    Fields
                                  </p>
                                </th>
                              </tr>
                            </thead>
                            <tbody
                              data-testid="virtuoso-item-list"
                            >
                              <tr
                                class="<removed-for-snapshot-test>"
                                context="[object Object]"
                                data-index="0"
                                data-item-index="0"
                                data-known-size="40"
                                data-testid="row-depth-0-namespace-no-name"
                                style="display: none;"
                              >
                                <td
                                  class="<removed-for-snapshot-test>"
                                >
                                  <div
                                    style="padding-left: 0px;"
                                  >
                                    <div
                                      class="<removed-for-snapshot-test>"
                                    >
                                      <label
                                        class="<removed-for-snapshot-test>"
                                      >
                                        <input
                                          aria-checked="mixed"
                                          data-testid="sync-namespace-checkbox"
                                          type="checkbox"
                                        />
                                        <div
                                          aria-hidden="true"
                                          class="<removed-for-snapshot-test>"
                                        />
                                        <div
                                          class="<removed-for-snapshot-test>"
                                          data-icon="minus"
                                          data-testid="mocksvg"
                                        />
                                      </label>
                                      <div
                                        class="<removed-for-snapshot-test>"
                                      >
                                        <p
                                          class="<removed-for-snapshot-test>"
                                          data-type="text"
                                        >
                                          3 streams
                                        </p>
                                        <button
                                          class="<removed-for-snapshot-test>"
                                          data-testid="destination-namespace-modal-btn"
                                          type="button"
                                        >
                                          <span
                                            class="<removed-for-snapshot-test>"
                                          >
                                            <div
                                              class="<removed-for-snapshot-test>"
                                              data-icon="gear"
                                              data-testid="mocksvg"
                                            />
                                          </span>
                                        </button>
                                      </div>
                                    </div>
                                  </div>
                                </td>
                                <td
                                  class="<removed-for-snapshot-test>"
                                >
                                  <div
                                    class="<removed-for-snapshot-test>"
                                  >
                                    <p
                                      class="<removed-for-snapshot-test>"
                                      data-type="text"
                                    >
                                      Sync mode
                                    </p>
                                    <span
                                      class="<removed-for-snapshot-test>"
                                    >
                                      <span
                                        class="<removed-for-snapshot-test>"
                                      >
                                        <span
                                          class="<removed-for-snapshot-test>"
                                        >
                                          <div
                                            class="<removed-for-snapshot-test>"
                                            data-icon="info-outline"
                                            data-testid="mocksvg"
                                          />
                                        </span>
                                      </span>
                                    </span>
                                  </div>
                                </td>
                                <td
                                  class="<removed-for-snapshot-test>"
                                />
                                <td
                                  class="<removed-for-snapshot-test>"
                                />
                                <td
                                  class="<removed-for-snapshot-test>"
                                >
                                  <p
                                    class="<removed-for-snapshot-test>"
                                    data-type="text"
                                  >
                                    Fields
                                  </p>
                                </td>
                              </tr>
                              <tr
                                class="<removed-for-snapshot-test>"
                                context="[object Object]"
                                data-index="1"
                                data-item-index="1"
                                data-known-size="40"
                                data-testid="row-depth-1-stream-another_stream"
                              >
                                <td
                                  class="<removed-for-snapshot-test>"
                                >
                                  <div
                                    style="padding-left: 20px;"
                                  >
                                    <div
                                      class="<removed-for-snapshot-test>"
                                    >
                                      <label
                                        class="<removed-for-snapshot-test>"
                                      >
                                        <input
                                          aria-checked="true"
                                          checked=""
                                          data-testid="sync-stream-checkbox"
                                          type="checkbox"
                                        />
                                        <div
                                          aria-hidden="true"
                                          class="<removed-for-snapshot-test>"
                                        />
                                        <div
                                          class="<removed-for-snapshot-test>"
                                          data-icon="check"
                                          data-testid="mocksvg"
                                        />
                                      </label>
                                      <button
                                        aria-expanded="false"
                                        class="<removed-for-snapshot-test>"
                                        data-testid="expand-collapse-stream-btn"
                                        type="button"
                                      >
                                        <div
                                          class="<removed-for-snapshot-test>"
                                          data-icon="chevron-right"
                                          data-testid="mocksvg"
                                        />
                                        <span
                                          class="<removed-for-snapshot-test>"
                                        />
                                      </button>
                                      <span
                                        class="<removed-for-snapshot-test>"
                                      >
                                        <p
                                          class="<removed-for-snapshot-test>"
                                          data-type="text"
                                        >
                                          another_stream
                                        </p>
                                      </span>
                                    </div>
                                  </div>
                                </td>
                                <td
                                  class="<removed-for-snapshot-test>"
                                >
                                  <button
                                    aria-expanded="false"
                                    aria-haspopup="listbox"
                                    class="<removed-for-snapshot-test>"
                                    data-headlessui-state=""
                                    data-testid="sync-mode-select-listbox-button"
                                    id="headlessui-listbox-button-:r19:"
                                    type="button"
                                  >
                                    <span
                                      class="<removed-for-snapshot-test>"
                                    >
                                      <p
                                        class="<removed-for-snapshot-test>"
                                        data-type="text"
                                      >
                                        Full refresh | Overwrite + Deduped
                                      </p>
                                    </span>
                                    <div
                                      class="<removed-for-snapshot-test>"
                                      data-icon="caret-down"
                                      data-testid="mocksvg"
                                    />
                                  </button>
                                  <div
                                    style="position: absolute; z-index: 9999; top: 0px; left: 0px; transform: translate(5px,5px);"
                                  />
                                </td>
                                <td
                                  class="<removed-for-snapshot-test>"
                                >
                                  <div
                                    data-testid="primary-key-cell"
                                  >
                                    <div>
                                      <button
                                        aria-expanded="false"
                                        aria-haspopup="listbox"
                                        class="<removed-for-snapshot-test>"
                                        data-headlessui-state=""
                                        id="headlessui-combobox-button-:r1c:"
                                        tabindex="-1"
                                        type="button"
                                      >
                                        <div
                                          class="<removed-for-snapshot-test>"
                                          data-icon="key-circle"
                                          data-testid="mocksvg"
                                        />
                                        <span
                                          class="<removed-for-snapshot-test>"
                                        >
                                          Primary key missing
                                        </span>
                                      </button>
                                    </div>
                                    <div
                                      style="position: absolute; z-index: 9999; top: 0px; left: 0px; transform: translate(5px,5px);"
                                    />
                                  </div>
                                </td>
                                <td
                                  class="<removed-for-snapshot-test>"
                                >
                                  <div
                                    data-testid="cursor-field-cell"
                                  />
                                </td>
                                <td
                                  class="<removed-for-snapshot-test>"
                                >
                                  <p
                                    class="<removed-for-snapshot-test>"
                                    data-type="text"
                                  >
                                    17
                                    /
                                    17
                                  </p>
                                </td>
                              </tr>
                              <tr
                                class="<removed-for-snapshot-test>"
                                context="[object Object]"
                                data-index="2"
                                data-item-index="2"
                                data-known-size="40"
                                data-testid="row-depth-1-stream-pokemon"
                              >
                                <td
                                  class="<removed-for-snapshot-test>"
                                >
                                  <div
                                    style="padding-left: 20px;"
                                  >
                                    <div
                                      class="<removed-for-snapshot-test>"
                                    >
                                      <label
                                        class="<removed-for-snapshot-test>"
                                      >
                                        <input
                                          aria-checked="true"
                                          checked=""
                                          data-testid="sync-stream-checkbox"
                                          type="checkbox"
                                        />
                                        <div
                                          aria-hidden="true"
                                          class="<removed-for-snapshot-test>"
                                        />
                                        <div
                                          class="<removed-for-snapshot-test>"
                                          data-icon="check"
                                          data-testid="mocksvg"
                                        />
                                      </label>
                                      <button
                                        aria-expanded="false"
                                        class="<removed-for-snapshot-test>"
                                        data-testid="expand-collapse-stream-btn"
                                        type="button"
                                      >
                                        <div
                                          class="<removed-for-snapshot-test>"
                                          data-icon="chevron-right"
                                          data-testid="mocksvg"
                                        />
                                        <span
                                          class="<removed-for-snapshot-test>"
                                        />
                                      </button>
                                      <span
                                        class="<removed-for-snapshot-test>"
                                      >
                                        <p
                                          class="<removed-for-snapshot-test>"
                                          data-type="text"
                                        >
                                          pokemon
                                        </p>
                                      </span>
                                    </div>
                                  </div>
                                </td>
                                <td
                                  class="<removed-for-snapshot-test>"
                                >
                                  <button
                                    aria-expanded="false"
                                    aria-haspopup="listbox"
                                    class="<removed-for-snapshot-test>"
                                    data-headlessui-state=""
                                    data-testid="sync-mode-select-listbox-button"
                                    id="headlessui-listbox-button-:r1f:"
                                    type="button"
                                  >
                                    <span
                                      class="<removed-for-snapshot-test>"
                                    >
                                      <p
                                        class="<removed-for-snapshot-test>"
                                        data-type="text"
                                      >
                                        Full refresh | Overwrite + Deduped
                                      </p>
                                    </span>
                                    <div
                                      class="<removed-for-snapshot-test>"
                                      data-icon="caret-down"
                                      data-testid="mocksvg"
                                    />
                                  </button>
                                  <div
                                    style="position: absolute; z-index: 9999; top: 0px; left: 0px; transform: translate(5px,5px);"
                                  />
                                </td>
                                <td
                                  class="<removed-for-snapshot-test>"
                                >
                                  <div
                                    data-testid="primary-key-cell"
                                  >
                                    <div>
                                      <button
                                        aria-expanded="false"
                                        aria-haspopup="listbox"
                                        class="<removed-for-snapshot-test>"
                                        data-headlessui-state=""
                                        id="headlessui-combobox-button-:r1i:"
                                        tabindex="-1"
                                        type="button"
                                      >
                                        <div
                                          class="<removed-for-snapshot-test>"
                                          data-icon="key-circle"
                                          data-testid="mocksvg"
                                        />
                                        <span
                                          class="<removed-for-snapshot-test>"
                                        >
                                          Primary key missing
                                        </span>
                                      </button>
                                    </div>
                                    <div
                                      style="position: absolute; z-index: 9999; top: 0px; left: 0px; transform: translate(5px,5px);"
                                    />
                                  </div>
                                </td>
                                <td
                                  class="<removed-for-snapshot-test>"
                                >
                                  <div
                                    data-testid="cursor-field-cell"
                                  />
                                </td>
                                <td
                                  class="<removed-for-snapshot-test>"
                                >
                                  <p
                                    class="<removed-for-snapshot-test>"
                                    data-type="text"
                                  >
                                    17
                                    /
                                    17
                                  </p>
                                </td>
                              </tr>
                              <tr
                                class="<removed-for-snapshot-test>"
                                context="[object Object]"
                                data-index="3"
                                data-item-index="3"
                                data-known-size="40"
                                data-testid="row-depth-1-stream-pokemon2"
                              >
                                <td
                                  class="<removed-for-snapshot-test>"
                                >
                                  <div
                                    style="padding-left: 20px;"
                                  >
                                    <div
                                      class="<removed-for-snapshot-test>"
                                    >
                                      <label
                                        class="<removed-for-snapshot-test>"
                                      >
                                        <input
                                          aria-checked="false"
                                          data-testid="sync-stream-checkbox"
                                          type="checkbox"
                                        />
                                        <div
                                          aria-hidden="true"
                                          class="<removed-for-snapshot-test>"
                                        />
                                      </label>
                                      <button
                                        aria-expanded="false"
                                        class="<removed-for-snapshot-test>"
                                        data-testid="expand-collapse-stream-btn"
                                        type="button"
                                      >
                                        <div
                                          class="<removed-for-snapshot-test>"
                                          data-icon="chevron-right"
                                          data-testid="mocksvg"
                                        />
                                        <span
                                          class="<removed-for-snapshot-test>"
                                        />
                                      </button>
                                      <span
                                        class="<removed-for-snapshot-test>"
                                      >
                                        <p
                                          class="<removed-for-snapshot-test>"
                                          data-type="text"
                                        >
                                          pokemon2
                                        </p>
                                      </span>
                                    </div>
                                  </div>
                                </td>
                                <td
                                  class="<removed-for-snapshot-test>"
                                />
                                <td
                                  class="<removed-for-snapshot-test>"
                                >
                                  <div
                                    data-testid="primary-key-cell"
                                  />
                                </td>
                                <td
                                  class="<removed-for-snapshot-test>"
                                >
                                  <div
                                    data-testid="cursor-field-cell"
                                  />
                                </td>
                                <td
                                  class="<removed-for-snapshot-test>"
                                />
                              </tr>
                            </tbody>
                          </table>
                        </div>
                      </div>
                    </div>
                  </div>
                </div>
              </div>
            </div>
            <div
              class="<removed-for-snapshot-test>"
            >
              <div
                class="<removed-for-snapshot-test>"
              >
                <a
                  class="<removed-for-snapshot-test>"
                  href="/link/to/workspace?sourceId=a3295ed7-4acf-4c0b-b16b-07a00e624a52"
                >
                  Back to Define destination
                </a>
                <div>
                  <span
                    class="<removed-for-snapshot-test>"
                  >
                    <span
                      class="<removed-for-snapshot-test>"
                      data-type="text"
                    >
                      Primary key missing
                    </span>
                  </span>
                  <button
                    class="<removed-for-snapshot-test>"
                    data-testid="next-creation-page"
                    disabled=""
                  >
                    <span
                      class="<removed-for-snapshot-test>"
                    >
                      Next
                    </span>
                  </button>
                </div>
              </div>
            </div>
          </div>
        </fieldset>
      </form>
    </div>
  </div>
  <div
    class="<removed-for-snapshot-test>"
  />
</body>
`;

exports[`CreateConnectionForm should render when loading 1`] = `
<body>
  <div>
    <div
      class="<removed-for-snapshot-test>"
    >
      <div
        class="<removed-for-snapshot-test>"
      >
        <div
          class="<removed-for-snapshot-test>"
        >
          <div
            class="<removed-for-snapshot-test>"
            style="animation-duration: 240s;"
          >
            <div
              class="<removed-for-snapshot-test>"
              style="animation-delay: 240.5s;"
            >
              <p
                class="<removed-for-snapshot-test>"
                data-type="text"
              >
                Please wait a little bit more…
              </p>
            </div>
          </div>
        </div>
        <p
          class="<removed-for-snapshot-test>"
          data-type="text"
        >
          We are fetching the schema of your data. 
This should take less than a minute, but may take a few minutes on slow internet connections or data sources with a large amount of streams.
        </p>
      </div>
    </div>
  </div>
  <div
    class="<removed-for-snapshot-test>"
  />
</body>
`;

exports[`CreateConnectionForm should render with an error 1`] = `
<body>
  <div>
    <div
      class="<removed-for-snapshot-test>"
    >
      <div
        class="<removed-for-snapshot-test>"
      >
        <div
          class="<removed-for-snapshot-test>"
        >
          <div
            class="<removed-for-snapshot-test>"
          >
            <div
              class="<removed-for-snapshot-test>"
            >
              <button
                class="<removed-for-snapshot-test>"
                type="button"
              >
                <div
                  class="<removed-for-snapshot-test>"
                  data-icon="reset"
                  data-testid="mocksvg"
                />
                <span
                  class="<removed-for-snapshot-test>"
                >
                  Try again
                </span>
              </button>
            </div>
            <div
              class="<removed-for-snapshot-test>"
            >
              <div
                class="<removed-for-snapshot-test>"
              >
                <div
                  class="<removed-for-snapshot-test>"
                >
                  <div
                    class="<removed-for-snapshot-test>"
                    data-icon="status-error"
                    data-testid="mocksvg"
                  />
                </div>
                <div
                  class="<removed-for-snapshot-test>"
                >
                  <span
                    class="<removed-for-snapshot-test>"
                  >
                    Test Error
                  </span>
                </div>
              </div>
            </div>
          </div>
        </div>
      </div>
    </div>
  </div>
  <div
    class="<removed-for-snapshot-test>"
  />
</body>
`;
