// Jest Snapshot v1, https://goo.gl/fbAQLP

exports[`CreateConnectionForm should render 1`] = `
<body>
  <div>
    <form>
      <fieldset
        class="<removed-for-snapshot-test>"
      >
        <div
          class="<removed-for-snapshot-test>"
        >
          <div
            class="<removed-for-snapshot-test>"
          >
            <div
              class="<removed-for-snapshot-test>"
              data-testid="undefined-card-expand-arrow"
            >
              <h2
                class="<removed-for-snapshot-test>"
              >
                Connection
              </h2>
            </div>
            <div
              class="<removed-for-snapshot-test>"
            >
              <div
                class="<removed-for-snapshot-test>"
              >
                <label
                  class="<removed-for-snapshot-test>"
                  for="input-control-2"
                >
                  <p
                    class="<removed-for-snapshot-test>"
                    data-type="text"
                  >
                    Connection name
                    <span
                      class="<removed-for-snapshot-test>"
                    >
                      <span
                        class="<removed-for-snapshot-test>"
                      >
                        <span
                          class="<removed-for-snapshot-test>"
                        >
                          <div
                            class="<removed-for-snapshot-test>"
                            data-icon="info-outline"
                            data-testid="mocksvg"
                          />
                        </span>
                      </span>
                    </span>
                  </p>
                </label>
                <div
                  class="<removed-for-snapshot-test>"
                >
                  <div
                    class="<removed-for-snapshot-test>"
                    data-testid="input-container"
                  >
                    <input
                      class="<removed-for-snapshot-test>"
                      data-testid="connectionName"
                      id="input-control-2"
                      name="name"
                      placeholder="Name"
                    />
                  </div>
                </div>
              </div>
            </div>
          </div>
          <div
            class="<removed-for-snapshot-test>"
          >
            <div
              class="<removed-for-snapshot-test>"
              data-testid="configuration-card-expand-arrow"
            >
              <h2
                class="<removed-for-snapshot-test>"
              >
                Configuration
              </h2>
            </div>
            <div
              class="<removed-for-snapshot-test>"
            >
              <div
                class="<removed-for-snapshot-test>"
              >
                <label
                  class="<removed-for-snapshot-test>"
                  for="scheduleType"
                >
                  <p
                    class="<removed-for-snapshot-test>"
                    data-type="text"
                  >
                    Schedule type
                    <span
                      class="<removed-for-snapshot-test>"
                    >
                      <span
                        class="<removed-for-snapshot-test>"
                      >
                        <span
                          class="<removed-for-snapshot-test>"
                        >
                          <div
                            class="<removed-for-snapshot-test>"
                            data-icon="info-outline"
                            data-testid="mocksvg"
                          />
                        </span>
                      </span>
                    </span>
                  </p>
                </label>
              </div>
              <div
                class="<removed-for-snapshot-test>"
              >
                <div
                  data-testid="schedule-type"
                >
                  <button
                    aria-expanded="false"
                    aria-haspopup="listbox"
                    class="<removed-for-snapshot-test>"
                    data-headlessui-state=""
                    data-testid="schedule-type-listbox-button"
                    id="headlessui-listbox-button-:r0:"
                    type="button"
                  >
                    <span
                      class="<removed-for-snapshot-test>"
                      data-type="text"
                    >
                      <span
                        class="<removed-for-snapshot-test>"
                      >
                        Scheduled
                      </span>
                    </span>
                    <div
                      class="<removed-for-snapshot-test>"
                      data-icon="chevron-down"
                      data-testid="mocksvg"
                    />
                  </button>
                  <div
                    style="position: absolute; z-index: 9999; top: 0px; left: 0px; transform: translate(0px,5px);"
                  />
                </div>
              </div>
            </div>
            <div
              class="<removed-for-snapshot-test>"
            >
              <div
                class="<removed-for-snapshot-test>"
              >
                <label
                  class="<removed-for-snapshot-test>"
                  for="scheduleData.basicSchedule"
                >
                  <p
                    class="<removed-for-snapshot-test>"
                    data-type="text"
                  >
                    Replication frequency
                    <span
                      class="<removed-for-snapshot-test>"
                    >
                      <span
                        class="<removed-for-snapshot-test>"
                      >
                        <span
                          class="<removed-for-snapshot-test>"
                        >
                          <div
                            class="<removed-for-snapshot-test>"
                            data-icon="info-outline"
                            data-testid="mocksvg"
                          />
                        </span>
                      </span>
                    </span>
                  </p>
                </label>
              </div>
              <div
                class="<removed-for-snapshot-test>"
              >
                <div
                  data-testid="basic-schedule"
                >
                  <button
                    aria-expanded="false"
                    aria-haspopup="listbox"
                    class="<removed-for-snapshot-test>"
                    data-headlessui-state=""
                    data-testid="basic-schedule-listbox-button"
                    id="headlessui-listbox-button-:r1:"
                    type="button"
                  >
                    <span
                      class="<removed-for-snapshot-test>"
                      data-type="text"
                    >
                      <span
                        class="<removed-for-snapshot-test>"
                      >
                        Every 24 hours
                      </span>
                    </span>
                    <div
                      class="<removed-for-snapshot-test>"
                      data-icon="chevron-down"
                      data-testid="mocksvg"
                    />
                  </button>
                  <div
                    style="position: absolute; z-index: 9999; top: 0px; left: 0px; transform: translate(0px,5px);"
                  />
                </div>
              </div>
            </div>
            <div
              class="<removed-for-snapshot-test>"
            >
              <div
                class="<removed-for-snapshot-test>"
              >
                <div
                  class="<removed-for-snapshot-test>"
                >
                  <label
                    class="<removed-for-snapshot-test>"
                  >
                    <div
                      class="<removed-for-snapshot-test>"
                    >
                      <div
                        class="<removed-for-snapshot-test>"
                      >
                        Destination Namespace
                        <span
                          class="<removed-for-snapshot-test>"
                        >
                          <span
                            class="<removed-for-snapshot-test>"
                          >
                            <span
                              class="<removed-for-snapshot-test>"
                            >
                              <div
                                class="<removed-for-snapshot-test>"
                                data-icon="info-outline"
                                data-testid="mocksvg"
                              />
                            </span>
                          </span>
                        </span>
                      </div>
                      <div
                        class="<removed-for-snapshot-test>"
                      />
                    </div>
                  </label>
                </div>
              </div>
              <div
                class="<removed-for-snapshot-test>"
              >
                <div
                  class="<removed-for-snapshot-test>"
                >
                  <div
                    class="<removed-for-snapshot-test>"
                    data-testid="textInputContainer"
                  >
                    <p
                      class="<removed-for-snapshot-test>"
                      data-type="text"
                    >
                      Destination default
                    </p>
                  </div>
                  <button
                    class="<removed-for-snapshot-test>"
                    data-testid="destination-namespace-edit-button"
                    type="button"
                  >
                    <span
                      class="<removed-for-snapshot-test>"
                    >
                      Edit
                    </span>
                  </button>
                </div>
              </div>
            </div>
            <div
              class="<removed-for-snapshot-test>"
            >
              <div
                class="<removed-for-snapshot-test>"
              >
                <div
                  class="<removed-for-snapshot-test>"
                >
                  <label
                    class="<removed-for-snapshot-test>"
                  >
                    <div
                      class="<removed-for-snapshot-test>"
                    >
                      <div
                        class="<removed-for-snapshot-test>"
                      >
                        Destination Stream Prefix
                        <span
                          class="<removed-for-snapshot-test>"
                        >
                          <span
                            class="<removed-for-snapshot-test>"
                          >
                            <span
                              class="<removed-for-snapshot-test>"
                            >
                              <div
                                class="<removed-for-snapshot-test>"
                                data-icon="info-outline"
                                data-testid="mocksvg"
                              />
                            </span>
                          </span>
                        </span>
                        <p
                          class="<removed-for-snapshot-test>"
                          data-type="text"
                        >
                          Optional
                        </p>
                      </div>
                      <div
                        class="<removed-for-snapshot-test>"
                      />
                    </div>
                  </label>
                </div>
              </div>
              <div
                class="<removed-for-snapshot-test>"
              >
                <div
                  class="<removed-for-snapshot-test>"
                >
                  <div
                    class="<removed-for-snapshot-test>"
                    data-testid="textInputContainer"
                  >
                    <p
                      class="<removed-for-snapshot-test>"
                      data-type="text"
                    >
                      Mirror source name
                    </p>
                  </div>
                  <button
                    class="<removed-for-snapshot-test>"
                    data-testid="destination-stream-prefix-edit-button"
                    type="button"
                  >
                    <span
                      class="<removed-for-snapshot-test>"
                    >
                      Edit
                    </span>
                  </button>
                </div>
              </div>
            </div>
            <div
              class="<removed-for-snapshot-test>"
            >
              <div
                class="<removed-for-snapshot-test>"
              >
                <label
                  class="<removed-for-snapshot-test>"
                  for="input-control-3"
                >
                  <p
                    class="<removed-for-snapshot-test>"
                    data-type="text"
                  >
                    Detect and propagate schema changes
                    <span
                      class="<removed-for-snapshot-test>"
                    >
                      <span
                        class="<removed-for-snapshot-test>"
                      >
                        <span
                          class="<removed-for-snapshot-test>"
                        >
                          <div
                            class="<removed-for-snapshot-test>"
                            data-icon="info-outline"
                            data-testid="mocksvg"
                          />
                        </span>
                      </span>
                    </span>
                  </p>
                </label>
                <div
                  class="<removed-for-snapshot-test>"
                >
                  <div
                    class="<removed-for-snapshot-test>"
                    data-testid="nonBreakingChangesPreference"
                  >
                    <button
                      aria-expanded="false"
                      aria-haspopup="listbox"
                      class="<removed-for-snapshot-test>"
                      data-headlessui-state=""
                      data-testid="nonBreakingChangesPreference-listbox-button"
                      id="headlessui-listbox-button-:r2:"
                      type="button"
                    >
                      <span
                        class="<removed-for-snapshot-test>"
                        data-type="text"
                      >
                        <span
                          class="<removed-for-snapshot-test>"
                        >
                          Detect changes and manually approve
                        </span>
                      </span>
                      <div
                        class="<removed-for-snapshot-test>"
                        data-icon="chevron-down"
                        data-testid="mocksvg"
                      />
                    </button>
                    <div
                      style="position: absolute; z-index: 9999; top: 0px; left: 0px; transform: translate(0px,5px);"
                    />
                  </div>
                </div>
              </div>
            </div>
          </div>
          <div
            class="<removed-for-snapshot-test>"
          >
            <div
              class="<removed-for-snapshot-test>"
            >
              <h2
                class="<removed-for-snapshot-test>"
              >
                Activate the streams you want to sync
              </h2>
              <button
                class="<removed-for-snapshot-test>"
                data-testid="refresh-source-schema-btn"
                type="button"
              >
                <div
                  class="<removed-for-snapshot-test>"
                  data-icon="sync"
                  data-testid="mocksvg"
                />
                <span
                  class="<removed-for-snapshot-test>"
                >
                  Refresh source schema
                </span>
              </button>
            </div>
            <div
              class="<removed-for-snapshot-test>"
            >
              <div
                class="<removed-for-snapshot-test>"
              >
                <div
                  class="<removed-for-snapshot-test>"
                  data-testid="input-container"
                >
                  <input
                    class="<removed-for-snapshot-test>"
                    data-testid="input"
                    placeholder="Search stream name"
                  />
                </div>
              </div>
              <div
                class="<removed-for-snapshot-test>"
              >
                <label
                  class="<removed-for-snapshot-test>"
                >
                  <input
                    aria-checked="false"
                    class="<removed-for-snapshot-test>"
                    data-testid="hideDisableStreams-switch"
                    id="toggle-disabled-streams"
                    type="checkbox"
                    value=""
                  />
                  <span
                    class="<removed-for-snapshot-test>"
                  />
                </label>
                <label
                  for="toggle-disabled-streams"
                >
                  <p
                    class="<removed-for-snapshot-test>"
                    data-type="text"
                  >
                    Hide disabled streams
                  </p>
                </label>
              </div>
              <div
                class="<removed-for-snapshot-test>"
                data-testid="catalog-tree-table-body"
              >
                <div
                  class="<removed-for-snapshot-test>"
                  data-testid="catalog-tree-table-header"
                >
                  <div
                    class="<removed-for-snapshot-test>"
                  >
                    <label
                      class="<removed-for-snapshot-test>"
                    >
                      <input
                        aria-checked="mixed"
                        class="<removed-for-snapshot-test>"
                        data-testid="all-streams-sync-switch"
                        id="all-streams-sync-switch"
                        type="checkbox"
                        value=""
                      />
                      <span
                        class="<removed-for-snapshot-test>"
                      />
                    </label>
                    <p
                      class="<removed-for-snapshot-test>"
                      data-type="text"
                    >
                      Sync
                    </p>
                  </div>
                  <div
                    class="<removed-for-snapshot-test>"
                  >
                    <p
                      class="<removed-for-snapshot-test>"
                      data-type="text"
                    >
                      Data destination
                      <button
                        class="<removed-for-snapshot-test>"
                        type="button"
                      >
                        <span
                          class="<removed-for-snapshot-test>"
                        >
                          <div
                            class="<removed-for-snapshot-test>"
                            data-icon="gear"
                            data-testid="mocksvg"
                          />
                        </span>
                      </button>
                    </p>
                  </div>
                  <div
                    class="<removed-for-snapshot-test>"
                  >
                    <p
                      class="<removed-for-snapshot-test>"
                      data-type="text"
                    >
                      Stream
                      <button
                        class="<removed-for-snapshot-test>"
                        type="button"
                      >
                        <span
                          class="<removed-for-snapshot-test>"
                        >
                          <div
                            class="<removed-for-snapshot-test>"
                            data-icon="gear"
                            data-testid="mocksvg"
                          />
                        </span>
                      </button>
                    </p>
                  </div>
                  <div
                    class="<removed-for-snapshot-test>"
                  >
                    <p
                      class="<removed-for-snapshot-test>"
                      data-type="text"
                    >
                      Sync mode
                      <span
                        class="<removed-for-snapshot-test>"
                      >
                        <span
                          class="<removed-for-snapshot-test>"
                        >
                          <span
                            class="<removed-for-snapshot-test>"
                          >
                            <div
                              class="<removed-for-snapshot-test>"
                              data-icon="info-outline"
                              data-testid="mocksvg"
                            />
                          </span>
                        </span>
                      </span>
                    </p>
                  </div>
                  <div
                    class="<removed-for-snapshot-test>"
                  >
                    <p
                      class="<removed-for-snapshot-test>"
                      data-type="text"
                    />
                  </div>
                  <div
                    class="<removed-for-snapshot-test>"
                  >
                    <p
                      class="<removed-for-snapshot-test>"
                      data-type="text"
                    >
                      Fields
                    </p>
                  </div>
                </div>
                <div
                  data-test-id="virtuoso-scroller"
                  data-virtuoso-scroller="true"
                  style="height: 40vh; outline: none; overflow-y: auto; position: relative;"
                  tabindex="0"
                >
                  <div
                    data-viewport-type="element"
                    style="width: 100%; height: 100%; position: absolute; top: 0px;"
                  >
                    <div
                      data-test-id="virtuoso-item-list"
                      style="box-sizing: border-box; padding-top: 0px; padding-bottom: 0px; margin-top: 0px;"
                    >
                      <div
                        data-index="0"
                        data-item-index="0"
                        data-known-size="50"
                      >
                        <div
                          class="<removed-for-snapshot-test>"
                          data-testid="catalog-tree-table-row-no-namespace-another_stream"
                        >
                          <div
                            class="<removed-for-snapshot-test>"
                            data-noexpand="true"
                          >
                            <label
                              class="<removed-for-snapshot-test>"
                            >
                              <input
                                aria-checked="true"
                                checked=""
                                class="<removed-for-snapshot-test>"
                                data-testid="selected-switch"
                                type="checkbox"
                                value=""
                              />
                              <span
                                class="<removed-for-snapshot-test>"
                              />
                            </label>
                            <div
                              class="<removed-for-snapshot-test>"
                            />
                          </div>
                          <div
                            class="<removed-for-snapshot-test>"
                            data-testid="destination-namespace-cell"
                          >
                            <span
                              class="<removed-for-snapshot-test>"
                            >
                              <p
                                class="<removed-for-snapshot-test>"
                                data-type="text"
                              >
                                '&lt;destination schema&gt;
                              </p>
                            </span>
                          </div>
                          <div
                            class="<removed-for-snapshot-test>"
                            data-testid="destination-stream-name-cell"
                          >
                            <span
                              class="<removed-for-snapshot-test>"
                            >
                              <p
                                class="<removed-for-snapshot-test>"
                                data-type="text"
                              >
                                another_stream
                              </p>
                            </span>
                          </div>
                          <div
                            class="<removed-for-snapshot-test>"
                          >
                            <div
                              data-testid="sync-mode-select"
                            >
                              <button
                                aria-expanded="false"
                                aria-haspopup="listbox"
                                class="<removed-for-snapshot-test>"
                                data-headlessui-state=""
                                data-testid="sync-mode-select-listbox-button"
                                id="headlessui-listbox-button-:r3:"
                                type="button"
                              >
                                <div
                                  class="<removed-for-snapshot-test>"
                                  data-error="false"
                                  data-testid="pill-select-button"
                                >
                                  <div
                                    class="<removed-for-snapshot-test>"
                                  >
                                    <p
                                      class="<removed-for-snapshot-test>"
                                      data-type="text"
                                    >
                                      Full refresh | Overwrite
                                    </p>
                                  </div>
                                  <div
                                    class="<removed-for-snapshot-test>"
                                    data-icon="caret-down"
                                    data-testid="mocksvg"
                                  />
                                </div>
                              </button>
                              <div
                                style="position: absolute; z-index: 9999; top: 0px; left: 0px; transform: translate(0px,5px);"
                              />
                            </div>
                          </div>
                          <div
                            class="<removed-for-snapshot-test>"
                          />
                          <div
                            class="<removed-for-snapshot-test>"
                          >
                            <div
                              class="<removed-for-snapshot-test>"
                              data-testid="field-selection-status"
                            >
                              <div
                                class="<removed-for-snapshot-test>"
                              >
                                <p
                                  class="<removed-for-snapshot-test>"
                                  data-testid="field-selection-status-selected-count"
                                  data-type="text"
                                >
                                  All
                                </p>
                              </div>
                            </div>
                          </div>
                        </div>
                      </div>
                      <div
                        data-index="1"
                        data-item-index="1"
                        data-known-size="50"
                      >
                        <div
                          class="<removed-for-snapshot-test>"
                          data-testid="catalog-tree-table-row-no-namespace-pokemon"
                        >
                          <div
                            class="<removed-for-snapshot-test>"
                            data-noexpand="true"
                          >
                            <label
                              class="<removed-for-snapshot-test>"
                            >
                              <input
                                aria-checked="true"
                                checked=""
                                class="<removed-for-snapshot-test>"
                                data-testid="selected-switch"
                                type="checkbox"
                                value=""
                              />
                              <span
                                class="<removed-for-snapshot-test>"
                              />
                            </label>
                            <div
                              class="<removed-for-snapshot-test>"
                            />
                          </div>
                          <div
                            class="<removed-for-snapshot-test>"
                            data-testid="destination-namespace-cell"
                          >
                            <span
                              class="<removed-for-snapshot-test>"
                            >
                              <p
                                class="<removed-for-snapshot-test>"
                                data-type="text"
                              >
                                '&lt;destination schema&gt;
                              </p>
                            </span>
                          </div>
                          <div
                            class="<removed-for-snapshot-test>"
                            data-testid="destination-stream-name-cell"
                          >
                            <span
                              class="<removed-for-snapshot-test>"
                            >
                              <p
                                class="<removed-for-snapshot-test>"
                                data-type="text"
                              >
                                pokemon
                              </p>
                            </span>
                          </div>
                          <div
                            class="<removed-for-snapshot-test>"
                          >
                            <div
                              data-testid="sync-mode-select"
                            >
                              <button
                                aria-expanded="false"
                                aria-haspopup="listbox"
                                class="<removed-for-snapshot-test>"
                                data-headlessui-state=""
                                data-testid="sync-mode-select-listbox-button"
                                id="headlessui-listbox-button-:r4:"
                                type="button"
                              >
                                <div
                                  class="<removed-for-snapshot-test>"
                                  data-error="false"
                                  data-testid="pill-select-button"
                                >
                                  <div
                                    class="<removed-for-snapshot-test>"
                                  >
                                    <p
                                      class="<removed-for-snapshot-test>"
                                      data-type="text"
                                    >
                                      Full refresh | Overwrite
                                    </p>
                                  </div>
                                  <div
                                    class="<removed-for-snapshot-test>"
                                    data-icon="caret-down"
                                    data-testid="mocksvg"
                                  />
                                </div>
                              </button>
                              <div
                                style="position: absolute; z-index: 9999; top: 0px; left: 0px; transform: translate(0px,5px);"
                              />
                            </div>
                          </div>
                          <div
                            class="<removed-for-snapshot-test>"
                          />
                          <div
                            class="<removed-for-snapshot-test>"
                          >
                            <div
                              class="<removed-for-snapshot-test>"
                              data-testid="field-selection-status"
                            >
                              <div
                                class="<removed-for-snapshot-test>"
                              >
                                <p
                                  class="<removed-for-snapshot-test>"
                                  data-testid="field-selection-status-selected-count"
                                  data-type="text"
                                >
                                  All
                                </p>
                              </div>
                            </div>
                          </div>
                        </div>
                      </div>
                      <div
                        data-index="2"
                        data-item-index="2"
                        data-known-size="50"
                      >
                        <div
                          class="<removed-for-snapshot-test>"
                          data-testid="catalog-tree-table-row-no-namespace-pokemon2"
                        >
                          <div
                            class="<removed-for-snapshot-test>"
                            data-noexpand="true"
                          >
                            <label
                              class="<removed-for-snapshot-test>"
                            >
                              <input
                                aria-checked="false"
                                class="<removed-for-snapshot-test>"
                                data-testid="selected-switch"
                                type="checkbox"
                                value=""
                              />
                              <span
                                class="<removed-for-snapshot-test>"
                              />
                            </label>
                            <div
                              class="<removed-for-snapshot-test>"
                            />
                          </div>
                          <div
                            class="<removed-for-snapshot-test>"
                            data-testid="destination-namespace-cell"
                          >
                            <span
                              class="<removed-for-snapshot-test>"
                            >
                              <p
                                class="<removed-for-snapshot-test>"
                                data-type="text"
                              >
                                '&lt;destination schema&gt;
                              </p>
                            </span>
                          </div>
                          <div
                            class="<removed-for-snapshot-test>"
                            data-testid="destination-stream-name-cell"
                          >
                            <span
                              class="<removed-for-snapshot-test>"
                            >
                              <p
                                class="<removed-for-snapshot-test>"
                                data-type="text"
                              >
                                pokemon2
                              </p>
                            </span>
                          </div>
                          <div
                            class="<removed-for-snapshot-test>"
                          >
                            <div
                              data-testid="sync-mode-select"
                            >
                              <button
                                aria-expanded="false"
                                aria-haspopup="listbox"
                                class="<removed-for-snapshot-test>"
                                data-headlessui-state=""
                                data-testid="sync-mode-select-listbox-button"
                                id="headlessui-listbox-button-:r5:"
                                type="button"
                              >
                                <div
                                  class="<removed-for-snapshot-test>"
                                  data-error="false"
                                  data-testid="pill-select-button"
                                >
                                  <div
                                    class="<removed-for-snapshot-test>"
                                  >
                                    <p
                                      class="<removed-for-snapshot-test>"
                                      data-type="text"
                                    >
                                      Full refresh | Overwrite
                                    </p>
                                  </div>
                                  <div
                                    class="<removed-for-snapshot-test>"
                                    data-icon="caret-down"
                                    data-testid="mocksvg"
                                  />
                                </div>
                              </button>
                              <div
                                style="position: absolute; z-index: 9999; top: 0px; left: 0px; transform: translate(0px,5px);"
                              />
                            </div>
                          </div>
                          <div
                            class="<removed-for-snapshot-test>"
                          />
                          <div
                            class="<removed-for-snapshot-test>"
                          >
                            <div
                              class="<removed-for-snapshot-test>"
                              data-testid="field-selection-status"
                            >
                              <div
                                class="<removed-for-snapshot-test>"
                              >
                                <p
                                  class="<removed-for-snapshot-test>"
                                  data-testid="field-selection-status-selected-count"
                                  data-type="text"
                                >
                                  All
                                </p>
                              </div>
                            </div>
                          </div>
                        </div>
                      </div>
                    </div>
                  </div>
                </div>
              </div>
            </div>
          </div>
          <div
            class="<removed-for-snapshot-test>"
          >
            <div
              class="<removed-for-snapshot-test>"
            >
              <h2
                class="<removed-for-snapshot-test>"
              >
                Normalization & Transformation
              </h2>
              <div
                class="<removed-for-snapshot-test>"
              >
                <div
                  class="<removed-for-snapshot-test>"
                >
                  <label
                    class="<removed-for-snapshot-test>"
                    for="radiobutton-normalization.raw"
                  >
                    <input
                      class="<removed-for-snapshot-test>"
                      id="radiobutton-normalization.raw"
                      label="Raw data (JSON)"
                      name="normalization"
                      type="radio"
                      value="raw"
                    />
                  </label>
                  <label
                    class="<removed-for-snapshot-test>"
                    for="radiobutton-normalization.raw"
                  >
                    Raw data (JSON)
                    <span
                      class="<removed-for-snapshot-test>"
                    />
                  </label>
                </div>
                <div
                  class="<removed-for-snapshot-test>"
                >
                  <label
                    class="<removed-for-snapshot-test>"
                    for="radiobutton-normalization.basic"
                  >
                    <input
                      checked=""
                      class="<removed-for-snapshot-test>"
                      id="radiobutton-normalization.basic"
                      label="Normalized tabular data"
                      message="[object Object]"
                      name="normalization"
                      type="radio"
                      value="basic"
                    />
                  </label>
                  <label
                    class="<removed-for-snapshot-test>"
                    for="radiobutton-normalization.basic"
                  >
                    Normalized tabular data
                    <span
                      class="<removed-for-snapshot-test>"
                    >
                      Map the JSON object to the types and format native to the destination. 
                      <a
                        class="<removed-for-snapshot-test>"
                        href="https://docs.airbyte.com/understanding-airbyte/connections#airbyte-basic-normalization"
                        rel="noreferrer"
                        target="_blank"
                      >
                        Learn more
                      </a>
                    </span>
                  </label>
                </div>
              </div>
              <div
                class="<removed-for-snapshot-test>"
              >
                <div
                  class="<removed-for-snapshot-test>"
                >
                  <div
                    class="<removed-for-snapshot-test>"
                  >
                    <p
                      class="<removed-for-snapshot-test>"
                      data-type="text"
                    >
                      No custom transformation
                    </p>
                    <button
                      class="<removed-for-snapshot-test>"
                      data-testid="addItemButton"
                      type="button"
                    >
                      <span
                        class="<removed-for-snapshot-test>"
                      >
                        + Add transformation
                      </span>
                    </button>
                  </div>
                </div>
              </div>
            </div>
          </div>
          <div
            class="<removed-for-snapshot-test>"
          >
            <div
              class="<removed-for-snapshot-test>"
            >
              <p
                class="<removed-for-snapshot-test>"
                data-type="text"
              />
              <button
                class="<removed-for-snapshot-test>"
                type="submit"
              >
                <span
                  class="<removed-for-snapshot-test>"
                >
                  Set up connection
                </span>
              </button>
            </div>
          </div>
        </div>
      </fieldset>
    </form>
    <div
      class="<removed-for-snapshot-test>"
    />
  </div>
</body>
`;

exports[`CreateConnectionForm should render when loading 1`] = `
<body>
  <div>
    <div
      class="<removed-for-snapshot-test>"
    >
      <div
        class="<removed-for-snapshot-test>"
      >
        <div
          class="<removed-for-snapshot-test>"
        >
          <div
            class="<removed-for-snapshot-test>"
          />
          <div
            class="<removed-for-snapshot-test>"
          >
            Please wait a little bit more…
          </div>
        </div>
        <p
          class="<removed-for-snapshot-test>"
          data-type="text"
        >
          We are fetching the schema of your data source. 
This should take less than a minute, but may take a few minutes on slow internet connections or data sources with a large amount of tables.
        </p>
      </div>
    </div>
    <div
      class="<removed-for-snapshot-test>"
    />
  </div>
</body>
`;

exports[`CreateConnectionForm should render with an error 1`] = `
<body>
  <div>
    <div
      class="<removed-for-snapshot-test>"
    >
      <div
        class="<removed-for-snapshot-test>"
      >
        <div
          class="<removed-for-snapshot-test>"
        >
          <button
            class="<removed-for-snapshot-test>"
            type="button"
          >
            <div
              class="<removed-for-snapshot-test>"
              data-icon="reset"
              data-testid="mocksvg"
            />
            <span
              class="<removed-for-snapshot-test>"
            >
              Try again
            </span>
          </button>
        </div>
        <div
          class="<removed-for-snapshot-test>"
        >
          <div
            class="<removed-for-snapshot-test>"
          >
            <div
              class="<removed-for-snapshot-test>"
              data-icon="status-error"
              data-testid="mocksvg"
            />
          </div>
          <div
            class="<removed-for-snapshot-test>"
          >
            <span
              class="<removed-for-snapshot-test>"
            >
              Test Error
            </span>
          </div>
        </div>
      </div>
    </div>
    <div
      class="<removed-for-snapshot-test>"
    />
  </div>
</body>
`;
